Inicio: 2026-08-12T11:32:07
Intérprete: /home/emilio/Documentos/Tampico_Semanal_Reportes/.venv/bin/python3
Alcance: últimas 2 semanas (solo fuentes locales)

--- Ejecutando SNA: Consolidar corpus SNA ---
Comando: /home/emilio/Documentos/Tampico_Semanal_Reportes/.venv/bin/python3 /home/emilio/Documentos/Tampico_Semanal_Reportes/Scripts/11_consolidar_historico_sna.py --last-weeks 2 --output /home/emilio/Documentos/Tampico_Semanal_Reportes/SNA/Datos/tampico_datos_tabulares_ultimas_2_semanas.csv
[ALCANCE] Últimas 2 semanas locales: 2026_W30, 2026_W32
Archivo: /home/emilio/Documentos/Tampico_Semanal_Reportes/SNA/Datos/tampico_datos_tabulares_ultimas_2_semanas.csv
Alcance: 2026_W30 | 2026_W32 (solo fuentes locales)
Archivos fuente: 18
Filas fuente: 4004
Filas consolidadas: 3372
Por plataforma:
  YouTube: 1680
  Twitter: 551
  Facebook: 547
  Instagram: 296
  Medios: 282
  TikTok: 16
Por tipo:
  comentario: 2890
  articulo: 282
  publicacion_institucional: 120
  mencion: 80
Consolidar corpus SNA finalizado con éxito.

--- Ejecutando SNA: Modelar temas LDA ---
Comando: /home/emilio/Documentos/Tampico_Semanal_Reportes/.venv/bin/python3 /home/emilio/Documentos/Tampico_Semanal_Reportes/Scripts/12_lda_sna.py --input-csv /home/emilio/Documentos/Tampico_Semanal_Reportes/SNA/Datos/tampico_datos_tabulares_ultimas_2_semanas.csv --output-dir /home/emilio/Documentos/Tampico_Semanal_Reportes/SNA/Resultados/ultimas_2_semanas/clusters --k-min 25 --k-max 35 --selection-mode coherence
======================================================================
[SNA Fase 2 - LDA] historico de Tampico
  Entrada: csv -> /home/emilio/Documentos/Tampico_Semanal_Reportes/SNA/Datos/tampico_datos_tabulares_ultimas_2_semanas.csv
  Salida:  /home/emilio/Documentos/Tampico_Semanal_Reportes/SNA/Resultados/ultimas_2_semanas/clusters
======================================================================
[1/8] Cargando corpus: tampico_datos_tabulares_ultimas_2_semanas.csv
         Documentos: 3372
         Stopwords: 758 terminos (stoplist del repo tal cual + 0 extra)
[2/8] Cargando modelo spaCy es_core_news_md...
[2/8] Lematizando 3372 documentos (batch=256)...
         Lemas descartados por pronombre pegado: 408
         Documentos sin lemas: 160/3372
         Filtro de español: 2853/3372 documentos conservados
[2b/8] Preparando corpus por conversacion...
         Mensajes genericos/vacios descartados: 82
         Duplicados exactos descartados: 112
         Conversaciones modeladas: 743
[3/8] Construyendo diccionario gensim (no_below=5, no_above=0.6)...
         Vocabulario despues de filtrar extremos: 1714 terminos
         Documentos con contenido: 742/743
[4/8] Barrido LDA: K en [25..35], passes=10, iterations=100...
         Entrenando LDA con K=25...
         K=25: c_v=0.3844, perplexity=-7.24
         Entrenando LDA con K=26...
         K=26: c_v=0.4003, perplexity=-7.25
         Entrenando LDA con K=27...
         K=27: c_v=0.3878, perplexity=-7.26
         Entrenando LDA con K=28...
         K=28: c_v=0.3642, perplexity=-7.28
         Entrenando LDA con K=29...
         K=29: c_v=0.3741, perplexity=-7.30
         Entrenando LDA con K=30...
         K=30: c_v=0.3897, perplexity=-7.33
         Entrenando LDA con K=31...
         K=31: c_v=0.3821, perplexity=-7.31
         Entrenando LDA con K=32...
         K=32: c_v=0.3794, perplexity=-7.32
         Entrenando LDA con K=33...
         K=33: c_v=0.3778, perplexity=-7.31
         Entrenando LDA con K=34...
         K=34: c_v=0.3680, perplexity=-7.33
         Entrenando LDA con K=35...
         K=35: c_v=0.3988, perplexity=-7.38
         K seleccionado: 26 (c_v=0.4003; maxima coherencia c_v)
[5/8] Asignando terminos a temas (hard assignment por P(term|tema) max)...
         Terminos descartados por peso < 0.001: 28
         Distribucion de terminos por tema:
           Tema 0: 55 terminos
           Tema 1: 64 terminos
           Tema 2: 71 terminos
           Tema 3: 50 terminos
           Tema 4: 74 terminos
           Tema 5: 123 terminos
           Tema 6: 55 terminos
           Tema 7: 47 terminos
           Tema 8: 67 terminos
           Tema 9: 69 terminos
           Tema 10: 55 terminos
           Tema 11: 55 terminos
           Tema 12: 54 terminos
           Tema 13: 79 terminos
           Tema 14: 63 terminos
           Tema 15: 58 terminos
           Tema 16: 45 terminos
           Tema 17: 62 terminos
           Tema 18: 73 terminos
           Tema 19: 73 terminos
           Tema 20: 66 terminos
           Tema 21: 64 terminos
           Tema 22: 59 terminos
           Tema 23: 76 terminos
           Tema 24: 71 terminos
           Tema 25: 58 terminos
[6/8] Cohesion intracluster (ventana=3)...
         Tema 13: 793 aristas internas
         Tema 15: 504 aristas internas
         Tema 23: 1219 aristas internas
         Tema 11: 420 aristas internas
         Tema 24: 1034 aristas internas
         Tema 17: 486 aristas internas
         Tema 10: 489 aristas internas
         Tema 21: 646 aristas internas
         Tema 1: 762 aristas internas
         Tema 6: 513 aristas internas
         Tema 9: 624 aristas internas
         Tema 12: 456 aristas internas
         Tema 7: 374 aristas internas
         Tema 3: 454 aristas internas
         Tema 20: 733 aristas internas
         Tema 16: 397 aristas internas
         Tema 4: 561 aristas internas
         Tema 14: 556 aristas internas
         Tema 25: 648 aristas internas
         Tema 22: 703 aristas internas
         Tema 2: 675 aristas internas
         Tema 5: 2650 aristas internas
         Tema 19: 722 aristas internas
         Tema 0: 693 aristas internas
         Tema 18: 729 aristas internas
         Tema 8: 718 aristas internas
[7/8] Vinculos extracluster (ventana=12, top_por_tema=200)...
         Tema 13: 200 vinculos externos (deduplicados)
         Tema 15: 200 vinculos externos (deduplicados)
         Tema 23: 200 vinculos externos (deduplicados)
         Tema 11: 200 vinculos externos (deduplicados)
         Tema 24: 200 vinculos externos (deduplicados)
         Tema 17: 200 vinculos externos (deduplicados)
         Tema 10: 200 vinculos externos (deduplicados)
         Tema 21: 200 vinculos externos (deduplicados)
         Tema 1: 200 vinculos externos (deduplicados)
         Tema 6: 200 vinculos externos (deduplicados)
         Tema 9: 200 vinculos externos (deduplicados)
         Tema 12: 200 vinculos externos (deduplicados)
         Tema 7: 200 vinculos externos (deduplicados)
         Tema 3: 200 vinculos externos (deduplicados)
         Tema 20: 200 vinculos externos (deduplicados)
         Tema 16: 200 vinculos externos (deduplicados)
         Tema 4: 200 vinculos externos (deduplicados)
         Tema 14: 200 vinculos externos (deduplicados)
         Tema 25: 200 vinculos externos (deduplicados)
         Tema 22: 200 vinculos externos (deduplicados)
         Tema 2: 200 vinculos externos (deduplicados)
         Tema 5: 200 vinculos externos (deduplicados)
         Tema 19: 200 vinculos externos (deduplicados)
         Tema 0: 200 vinculos externos (deduplicados)
         Tema 18: 200 vinculos externos (deduplicados)
         Tema 8: 200 vinculos externos (deduplicados)
         Matriz entre temas (26x26) calculada
======================================================================
[SNA Fase 2 - LDA] OK resultados en /home/emilio/Documentos/Tampico_Semanal_Reportes/SNA/Resultados/ultimas_2_semanas/clusters
           reporte: /home/emilio/Documentos/Tampico_Semanal_Reportes/SNA/Resultados/ultimas_2_semanas/clusters/reporte_fase2_lda.md
======================================================================
Modelar temas LDA finalizado con éxito.

--- Ejecutando SNA: Evaluar calidad temática ---
Comando: /home/emilio/Documentos/Tampico_Semanal_Reportes/.venv/bin/python3 /home/emilio/Documentos/Tampico_Semanal_Reportes/Scripts/sna_topic_quality.py --clusters-dir /home/emilio/Documentos/Tampico_Semanal_Reportes/SNA/Resultados/ultimas_2_semanas/clusters
Calidad temática: {'media': 16, 'alta': 8, 'baja': 2}
Temas ocultos por defecto: 2
Evaluar calidad temática finalizado con éxito.

--- Ejecutando SNA: Calcular subclusters Louvain ---
Comando: /home/emilio/Documentos/Tampico_Semanal_Reportes/.venv/bin/python3 /home/emilio/Documentos/Tampico_Semanal_Reportes/Scripts/12b_subclusters_louvain.py --clusters-dir /home/emilio/Documentos/Tampico_Semanal_Reportes/SNA/Resultados/ultimas_2_semanas/clusters --resolution 1.4 --min-sub-size 3
[subclusters] 26 temas en lda_asignacion.csv
[subclusters] resolution=1.4 min_sub_size=3
  Tema 0: 55 nodos, 693 aristas -> 6 sub-clusters
  Tema 1: 64 nodos, 762 aristas -> 9 sub-clusters
  Tema 2: 71 nodos, 675 aristas -> 8 sub-clusters
  Tema 3: 50 nodos, 454 aristas -> 9 sub-clusters
  Tema 4: 74 nodos, 561 aristas -> 6 sub-clusters
  Tema 5: 123 nodos, 2650 aristas -> 13 sub-clusters
  Tema 6: 55 nodos, 513 aristas -> 7 sub-clusters
  Tema 7: 47 nodos, 374 aristas -> 7 sub-clusters
  Tema 8: 67 nodos, 718 aristas -> 11 sub-clusters
  Tema 9: 69 nodos, 624 aristas -> 9 sub-clusters
  Tema 10: 55 nodos, 489 aristas -> 7 sub-clusters
  Tema 11: 55 nodos, 420 aristas -> 7 sub-clusters
  Tema 12: 54 nodos, 456 aristas -> 7 sub-clusters
  Tema 13: 79 nodos, 793 aristas -> 8 sub-clusters
  Tema 14: 63 nodos, 556 aristas -> 7 sub-clusters
  Tema 15: 58 nodos, 504 aristas -> 7 sub-clusters
  Tema 16: 45 nodos, 397 aristas -> 8 sub-clusters
  Tema 17: 62 nodos, 486 aristas -> 9 sub-clusters
  Tema 18: 73 nodos, 729 aristas -> 10 sub-clusters
  Tema 19: 73 nodos, 722 aristas -> 11 sub-clusters
  Tema 20: 66 nodos, 733 aristas -> 8 sub-clusters
  Tema 21: 64 nodos, 646 aristas -> 9 sub-clusters
  Tema 22: 59 nodos, 703 aristas -> 9 sub-clusters
  Tema 23: 76 nodos, 1219 aristas -> 10 sub-clusters
  Tema 24: 71 nodos, 1034 aristas -> 9 sub-clusters
  Tema 25: 58 nodos, 648 aristas -> 10 sub-clusters

[subclusters] guardado en: /home/emilio/Documentos/Tampico_Semanal_Reportes/SNA/Resultados/ultimas_2_semanas/clusters/subclusters
Calcular subclusters Louvain finalizado con éxito.

--- Ejecutando SNA: Diagnosticar umbrales ---
Comando: /home/emilio/Documentos/Tampico_Semanal_Reportes/.venv/bin/python3 /home/emilio/Documentos/Tampico_Semanal_Reportes/Scripts/12c_diagnostico_umbrales.py --clusters-dir /home/emilio/Documentos/Tampico_Semanal_Reportes/SNA/Resultados/ultimas_2_semanas/clusters
{
  "corpus": "historico consolidado de Tampico",
  "clusters_dir": "/home/emilio/Documentos/Tampico_Semanal_Reportes/SNA/Resultados/ultimas_2_semanas/clusters",
  "capas": {
    "intra_cluster": {
      "n_aristas": 13781,
      "min": 1.0,
      "media": 2.1151585516290545,
      "max": 76.0,
      "p50": 1.0,
      "p75": 2.0,
      "p90": 4.0,
      "p95": 6.0,
      "p99": 12.200000000000728
    },
    "intra_sub": {
      "n_aristas": 4397,
      "min": 1.0,
      "media": 3.5340004548555832,
      "max": 130.0,
      "p50": 2.0,
      "p75": 4.0,
      "p90": 7.0,
      "p95": 10.0,
      "p99": 20.039999999999964
    },
    "sin_subcluster": {
      "n_aristas": 381,
      "min": 1.0,
      "media": 5.020997375328084,
      "max": 126.0,
      "p50": 2.0,
      "p75": 4.0,
      "p90": 8.0,
      "p95": 22.0,
      "p99": 57.799999999999955
    },
    "extra": {
      "n_aristas": 5200,
      "min": 4.0,
      "media": 10.094038461538462,
      "max": 165.0,
      "p50": 8.0,
      "p75": 11.0,
      "p90": 16.0,
      "p95": 21.050000000000182,
      "p99": 44.0
    }
  },
  "umbrales_sugeridos": {
    "umbral_intra_sub": 4.0,
    "umbral_intra_cluster": 2.0,
    "umbral_extra": 11.0,
    "criterio": "percentil 75 de cada capa"
  }
}
Diagnostico guardado en: /home/emilio/Documentos/Tampico_Semanal_Reportes/SNA/Resultados/ultimas_2_semanas/clusters/diagnostico_umbrales.json
Diagnosticar umbrales finalizado con éxito.

--- Ejecutando SNA: Generar red completa ---
Comando: /home/emilio/Documentos/Tampico_Semanal_Reportes/.venv/bin/python3 /home/emilio/Documentos/Tampico_Semanal_Reportes/Scripts/12c_red_completa.py --clusters-dir /home/emilio/Documentos/Tampico_Semanal_Reportes/SNA/Resultados/ultimas_2_semanas/clusters --output-filename red_tampico_ultimas_2_semanas.html --scope-label 'de las últimas 2 semanas'
[red_completa] corpus de las últimas 2 semanas de Tampico
[red_completa] umbrales: intra_sub=4.0, intra_cluster=2.0, extra=11.0
[red_completa] cargando datos...
  Palabras LDA: 1686, con sub_id: 1672
[red_completa] construyendo grafo...
  aristas intra_sub:      1324
  aristas intra_cluster:  7695
  aristas extra:          1442
  Nodos: 1673, Aristas: 9777
[red_completa] calculando metricas...
  Calculando metricas para 1673 nodos y 9777 aristas...
  Comunidades (subclusters presentes): 227
  [SKIP] betweenness: demasiados nodos
  Calculando participation coefficient y z-within-degree...
/home/emilio/Documentos/Tampico_Semanal_Reportes/.venv/lib/python3.12/site-packages/networkx/algorithms/assortativity/correlation.py:302: RuntimeWarning: invalid value encountered in scalar divide
  return float((xy * (M - ab)).sum() / np.sqrt(vara * varb))
  Calculando metricas globales...
  Generando HTML pyvis...
  HTML escrito en /home/emilio/Documentos/Tampico_Semanal_Reportes/SNA/Resultados/ultimas_2_semanas/clusters/red_completa/red_tampico_ultimas_2_semanas.html (CSS + panel + tablas inyectadas)

[red_completa] OK
  Nodos: 1673
  Aristas: 9777
  Moduralidad: 0.2675
  Clustering global: 0.5066
  Componentes conexas: 1
  Salidas en: /home/emilio/Documentos/Tampico_Semanal_Reportes/SNA/Resultados/ultimas_2_semanas/clusters/red_completa
Generar red completa finalizado con éxito.

--- Ejecutando SNA: Mapear cuentas a clusters ---
Comando: /home/emilio/Documentos/Tampico_Semanal_Reportes/.venv/bin/python3 /home/emilio/Documentos/Tampico_Semanal_Reportes/Scripts/18_cuentas_clusters.py --clusters-dir /home/emilio/Documentos/Tampico_Semanal_Reportes/SNA/Resultados/ultimas_2_semanas/clusters --output-dir /home/emilio/Documentos/Tampico_Semanal_Reportes/SNA/Resultados/ultimas_2_semanas/cuentas_clusters
[1/5] Cargando LDA desde /home/emilio/Documentos/Tampico_Semanal_Reportes/SNA/Resultados/ultimas_2_semanas/clusters/lda_asignacion.csv
      vocabulario LDA: 1686 terminos, temas: [0, 1, 2, 3, 4, 5, 6, 7, 8, 9, 10, 11, 12, 13, 14, 15, 16, 17, 18, 19, 20, 21, 22, 23, 24, 25]
[2/5] Cargando subclusters desde /home/emilio/Documentos/Tampico_Semanal_Reportes/SNA/Resultados/ultimas_2_semanas/clusters/subclusters/subclusters_palabras.csv
      subclusters_palabras: 1672 terminos
      subclusters: 221 (T00_S0..T25_S12)
[3/5] Cargando mensajes desde /home/emilio/Documentos/Tampico_Semanal_Reportes/SNA/Resultados/ultimas_2_semanas/clusters/documentos_lematizados.csv
      mensajes con usuario: 2853
[4/5] Acumulando palabras por usuario...
      usuarios unicos: 1823
      sin palabras clasificadas: 70
[5/5] Escribiendo salidas en /home/emilio/Documentos/Tampico_Semanal_Reportes/SNA/Resultados/ultimas_2_semanas/cuentas_clusters/
      - cuentas_x_tema.csv  (375591 bytes)
      - cuentas_x_subcluster.csv  (2517657 bytes)
      - cuentas_resumen.csv  (119989 bytes)
      - palabras_x_cuenta.csv  (837739 bytes)  (17022 filas)
      - cuentas_sin_tema.csv  (2230 bytes)
      - reporte_fase4_cuentas.md  (158507 bytes)
OK.
Mapear cuentas a clusters finalizado con éxito.

--- Ejecutando SNA: Generar red de cuentas ---
Comando: /home/emilio/Documentos/Tampico_Semanal_Reportes/.venv/bin/python3 /home/emilio/Documentos/Tampico_Semanal_Reportes/Scripts/12d_red_cuentas.py --base-dir /home/emilio/Documentos/Tampico_Semanal_Reportes/SNA/Resultados/ultimas_2_semanas --output-filename red_tampico_cuentas_ultimas_2_semanas.html --scope-label 'de las últimas 2 semanas' --corpus-label 'últimas 2 semanas locales disponibles de Tampico'
[1/5] Cargando nodos (palabras) desde /home/emilio/Documentos/Tampico_Semanal_Reportes/SNA/Resultados/ultimas_2_semanas/clusters/red_completa/nodos_metricas.csv
      1673 palabras
[2/5] Cargando aristas (palabra-palabra) desde /home/emilio/Documentos/Tampico_Semanal_Reportes/SNA/Resultados/ultimas_2_semanas/clusters/red_completa/aristas_clasificadas.csv (peso>=4.0)
      3873 aristas tras filtro
[3/5] Cargando cuentas (>= 5 msgs) desde /home/emilio/Documentos/Tampico_Semanal_Reportes/SNA/Resultados/ultimas_2_semanas/cuentas_clusters/cuentas_resumen.csv
      42 cuentas pasan el filtro de msgs
[4/5] Cargando palabras_x_cuenta desde /home/emilio/Documentos/Tampico_Semanal_Reportes/SNA/Resultados/ultimas_2_semanas/cuentas_clusters/palabras_x_cuenta.csv
[4b] Seleccionando top 500 cuentas por msgs, top 5 palabras
      1673 palabras validas en el grafo
      42 cuentas, 203 aristas cuenta->palabra
      plataformas presentes: ['Facebook', 'Instagram', 'Medios', 'Twitter', 'YouTube']
[5/5] Generando HTML en /home/emilio/Documentos/Tampico_Semanal_Reportes/SNA/Resultados/ultimas_2_semanas/clusters/red_completa/red_tampico_cuentas_ultimas_2_semanas.html
      tamano: 1762461 bytes
      metricas en /home/emilio/Documentos/Tampico_Semanal_Reportes/SNA/Resultados/ultimas_2_semanas/clusters/red_completa/metricas_cuentas.json
OK.
Generar red de cuentas finalizado con éxito.

--- Ejecutando SNA: Generar red de posiciones discursivas ---
Comando: /home/emilio/Documentos/Tampico_Semanal_Reportes/.venv/bin/python3 /home/emilio/Documentos/Tampico_Semanal_Reportes/Scripts/19_red_posiciones_discursivas.py --base-dir /home/emilio/Documentos/Tampico_Semanal_Reportes/SNA/Resultados/ultimas_2_semanas --input-csv /home/emilio/Documentos/Tampico_Semanal_Reportes/SNA/Datos/tampico_datos_tabulares_ultimas_2_semanas.csv --output-filename red_tampico_posiciones_ultimas_2_semanas.html --scope-label 'Tampico · últimas 2 semanas' --corpus-label 'últimas 2 semanas locales disponibles de Tampico'
[1/5] Cargando insumos de /home/emilio/Documentos/Tampico_Semanal_Reportes/SNA/Resultados/ultimas_2_semanas
[2/5] Calculando posiciones discursivas por tema
      posiciones: 31
      cuentas-posicion: 889
[3/5] Escribiendo CSVs
[4/5] Construyendo red HTML autocontenida
[5/5] OK
      - /home/emilio/Documentos/Tampico_Semanal_Reportes/SNA/Resultados/ultimas_2_semanas/clusters/red_posiciones/red_tampico_posiciones_ultimas_2_semanas.html (1278181 bytes)
      - /home/emilio/Documentos/Tampico_Semanal_Reportes/SNA/Resultados/ultimas_2_semanas/clusters/red_posiciones/posiciones_discursivas.csv (21205 bytes)
      - /home/emilio/Documentos/Tampico_Semanal_Reportes/SNA/Resultados/ultimas_2_semanas/clusters/red_posiciones/cuentas_posiciones.csv (62338 bytes)
      - /home/emilio/Documentos/Tampico_Semanal_Reportes/SNA/Resultados/ultimas_2_semanas/clusters/red_posiciones/palabras_posiciones.csv (8308 bytes)
      - /home/emilio/Documentos/Tampico_Semanal_Reportes/SNA/Resultados/ultimas_2_semanas/clusters/red_posiciones/ejemplos_posiciones.csv (48917 bytes)
      - /home/emilio/Documentos/Tampico_Semanal_Reportes/SNA/Resultados/ultimas_2_semanas/clusters/red_posiciones/metricas_posiciones.json (922 bytes)
Generar red de posiciones discursivas finalizado con éxito.

--- Ejecutando SNA: Generar red completa guiada ---
Comando: /home/emilio/Documentos/Tampico_Semanal_Reportes/.venv/bin/python3 /home/emilio/Documentos/Tampico_Semanal_Reportes/Scripts/12c_red_completa_guiada.py --clusters-dir /home/emilio/Documentos/Tampico_Semanal_Reportes/SNA/Resultados/ultimas_2_semanas/clusters --output-filename red_tampico_ultimas_2_semanas_guiada.html --scope-label 'de las últimas 2 semanas'
[red_completa] corpus de las últimas 2 semanas de Tampico
[red_completa] umbrales: intra_sub=4.0, intra_cluster=2.0, extra=11.0
[red_completa] cargando datos...
  Palabras LDA: 1686, con sub_id: 1672
[red_completa] construyendo grafo...
  aristas intra_sub:      1324
  aristas intra_cluster:  7695
  aristas extra:          1442
  Nodos: 1673, Aristas: 9777
[red_completa] calculando metricas...
  Calculando metricas para 1673 nodos y 9777 aristas...
  Comunidades (subclusters presentes): 227
  [SKIP] betweenness: demasiados nodos
  Calculando participation coefficient y z-within-degree...
/home/emilio/Documentos/Tampico_Semanal_Reportes/.venv/lib/python3.12/site-packages/networkx/algorithms/assortativity/correlation.py:302: RuntimeWarning: invalid value encountered in scalar divide
  return float((xy * (M - ab)).sum() / np.sqrt(vara * varb))
  Calculando metricas globales...
  Generando HTML pyvis...
  HTML escrito en /home/emilio/Documentos/Tampico_Semanal_Reportes/SNA/Resultados/ultimas_2_semanas/clusters/red_guiada/red_tampico_ultimas_2_semanas_guiada.html (CSS + panel + tablas inyectadas)
  Aplicando temas rastreados y polaridad...

[red_completa] OK
  Nodos: 1673
  Aristas: 9777
  Moduralidad: 0.2675
  Clustering global: 0.5066
  Componentes conexas: 1
  Salidas en: /home/emilio/Documentos/Tampico_Semanal_Reportes/SNA/Resultados/ultimas_2_semanas/clusters/red_guiada
Generar red completa guiada finalizado con éxito.

--- Ejecutando SNA: Generar red de cuentas guiada ---
Comando: /home/emilio/Documentos/Tampico_Semanal_Reportes/.venv/bin/python3 /home/emilio/Documentos/Tampico_Semanal_Reportes/Scripts/12d_red_cuentas_guiada.py --base-dir /home/emilio/Documentos/Tampico_Semanal_Reportes/SNA/Resultados/ultimas_2_semanas --output-filename red_tampico_cuentas_ultimas_2_semanas_guiada.html --scope-label 'de las últimas 2 semanas' --corpus-label 'últimas 2 semanas locales disponibles de Tampico'
[1/5] Cargando nodos (palabras) desde /home/emilio/Documentos/Tampico_Semanal_Reportes/SNA/Resultados/ultimas_2_semanas/clusters/red_completa/nodos_metricas.csv
      1673 palabras
[2/5] Cargando aristas (palabra-palabra) desde /home/emilio/Documentos/Tampico_Semanal_Reportes/SNA/Resultados/ultimas_2_semanas/clusters/red_completa/aristas_clasificadas.csv (peso>=4.0)
      3873 aristas tras filtro
[3/5] Cargando cuentas (>= 5 msgs) desde /home/emilio/Documentos/Tampico_Semanal_Reportes/SNA/Resultados/ultimas_2_semanas/cuentas_clusters/cuentas_resumen.csv
      42 cuentas pasan el filtro de msgs
[4/5] Cargando palabras_x_cuenta desde /home/emilio/Documentos/Tampico_Semanal_Reportes/SNA/Resultados/ultimas_2_semanas/cuentas_clusters/palabras_x_cuenta.csv
[4b] Seleccionando top 500 cuentas por msgs, top 5 palabras
      1673 palabras validas en el grafo
      42 cuentas, 203 aristas cuenta->palabra
      plataformas presentes: ['Facebook', 'Instagram', 'Medios', 'Twitter', 'YouTube']
[5/5] Generando HTML en /home/emilio/Documentos/Tampico_Semanal_Reportes/SNA/Resultados/ultimas_2_semanas/clusters/red_guiada/red_tampico_cuentas_ultimas_2_semanas_guiada.html
      aplicando temas rastreados, polaridad y postura
      tamano: 1966959 bytes
      metricas en /home/emilio/Documentos/Tampico_Semanal_Reportes/SNA/Resultados/ultimas_2_semanas/clusters/red_guiada/metricas_cuentas_guiada.json
OK.
Generar red de cuentas guiada finalizado con éxito.

--- Ejecutando SNA: Generar red de posiciones guiada ---
Comando: /home/emilio/Documentos/Tampico_Semanal_Reportes/.venv/bin/python3 /home/emilio/Documentos/Tampico_Semanal_Reportes/Scripts/19_red_posiciones_guiada.py --base-dir /home/emilio/Documentos/Tampico_Semanal_Reportes/SNA/Resultados/ultimas_2_semanas --input-csv /home/emilio/Documentos/Tampico_Semanal_Reportes/SNA/Datos/tampico_datos_tabulares_ultimas_2_semanas.csv --output-filename red_tampico_posiciones_ultimas_2_semanas_guiada.html --scope-label 'Tampico · últimas 2 semanas' --corpus-label 'últimas 2 semanas locales disponibles de Tampico' --positions-per-topic 5 --words-per-position 60
[1/5] Cargando insumos de /home/emilio/Documentos/Tampico_Semanal_Reportes/SNA/Resultados/ultimas_2_semanas
      filtro de español: 15412 de 17022 filas de vocabulario conservadas
[2/5] Calculando posiciones discursivas por tema
      posiciones: 30
      cuentas-posicion: 765
[3/5] Escribiendo CSVs
[4/5] Construyendo red HTML autocontenida
      aplicando temas rastreados, polaridad y postura
[5/5] OK
      - /home/emilio/Documentos/Tampico_Semanal_Reportes/SNA/Resultados/ultimas_2_semanas/clusters/red_guiada/red_tampico_posiciones_ultimas_2_semanas_guiada.html (2454570 bytes)
      - /home/emilio/Documentos/Tampico_Semanal_Reportes/SNA/Resultados/ultimas_2_semanas/clusters/red_guiada/posiciones_discursivas_guiada.csv (27865 bytes)
      - /home/emilio/Documentos/Tampico_Semanal_Reportes/SNA/Resultados/ultimas_2_semanas/clusters/red_guiada/cuentas_posiciones_guiada.csv (53671 bytes)
      - /home/emilio/Documentos/Tampico_Semanal_Reportes/SNA/Resultados/ultimas_2_semanas/clusters/red_guiada/palabras_posiciones_guiada.csv (22740 bytes)
      - /home/emilio/Documentos/Tampico_Semanal_Reportes/SNA/Resultados/ultimas_2_semanas/clusters/red_guiada/ejemplos_posiciones_guiada.csv (47129 bytes)
      - /home/emilio/Documentos/Tampico_Semanal_Reportes/SNA/Resultados/ultimas_2_semanas/clusters/red_guiada/metricas_posiciones_guiada.json (1438 bytes)
Generar red de posiciones guiada finalizado con éxito.
Resultados SNA generados:
  - /home/emilio/Documentos/Tampico_Semanal_Reportes/SNA/Resultados/ultimas_2_semanas/clusters/red_guiada/red_tampico_ultimas_2_semanas_guiada.html
  - /home/emilio/Documentos/Tampico_Semanal_Reportes/SNA/Resultados/ultimas_2_semanas/clusters/red_guiada/red_tampico_cuentas_ultimas_2_semanas_guiada.html
  - /home/emilio/Documentos/Tampico_Semanal_Reportes/SNA/Resultados/ultimas_2_semanas/clusters/red_guiada/red_tampico_posiciones_ultimas_2_semanas_guiada.html

SNA finalizado correctamente.
Bitácora: /home/emilio/Documentos/Tampico_Semanal_Reportes/SNA/Resultados/ultimas_2_semanas/ultima_ejecucion_ultimas_2_semanas.log
