Inicio: 2026-07-22T16:43:34
Intérprete: /home/emilio/Documentos/Tampico_Semanal_Reportes/.venv/bin/python3
Alcance: última semana (solo fuentes locales)

--- Ejecutando SNA: Consolidar corpus SNA ---
Comando: /home/emilio/Documentos/Tampico_Semanal_Reportes/.venv/bin/python3 /home/emilio/Documentos/Tampico_Semanal_Reportes/Scripts/11_consolidar_historico_sna.py --last-weeks 1 --output /home/emilio/Documentos/Tampico_Semanal_Reportes/SNA/Datos/tampico_datos_tabulares_ultima_semana.csv
[ALCANCE] Últimas 1 semanas locales: 2026_W29
Archivo: /home/emilio/Documentos/Tampico_Semanal_Reportes/SNA/Datos/tampico_datos_tabulares_ultima_semana.csv
Alcance: 2026_W29 (solo fuentes locales)
Archivos fuente: 9
Filas fuente: 3500
Filas consolidadas: 1154
Por plataforma:
  YouTube: 926
  Medios: 111
  Facebook: 69
  Instagram: 27
  Twitter: 15
  TikTok: 6
Por tipo:
  comentario: 999
  articulo: 111
  publicacion_institucional: 30
  mencion: 14
Consolidar corpus SNA finalizado con éxito.

--- Ejecutando SNA: Modelar temas LDA ---
Comando: /home/emilio/Documentos/Tampico_Semanal_Reportes/.venv/bin/python3 /home/emilio/Documentos/Tampico_Semanal_Reportes/Scripts/12_lda_sna.py --input-csv /home/emilio/Documentos/Tampico_Semanal_Reportes/SNA/Datos/tampico_datos_tabulares_ultima_semana.csv --output-dir /home/emilio/Documentos/Tampico_Semanal_Reportes/SNA/Resultados/ultima_semana/clusters --k-min 25 --k-max 35 --selection-mode coherence
======================================================================
[SNA Fase 2 - LDA] historico de Tampico
  Entrada: csv -> /home/emilio/Documentos/Tampico_Semanal_Reportes/SNA/Datos/tampico_datos_tabulares_ultima_semana.csv
  Salida:  /home/emilio/Documentos/Tampico_Semanal_Reportes/SNA/Resultados/ultima_semana/clusters
======================================================================
[1/8] Cargando corpus: tampico_datos_tabulares_ultima_semana.csv
         Documentos: 1154
         Stopwords: 758 terminos (stoplist del repo tal cual + 0 extra)
[2/8] Cargando modelo spaCy es_core_news_md...
[2/8] Lematizando 1154 documentos (batch=256)...
         Lemas descartados por pronombre pegado: 227
         Documentos sin lemas: 34/1154
[2b/8] Preparando corpus por conversacion...
         Mensajes genericos/vacios descartados: 41
         Duplicados exactos descartados: 45
         Conversaciones modeladas: 163
[3/8] Construyendo diccionario gensim (no_below=5, no_above=0.6)...
         Vocabulario despues de filtrar extremos: 489 terminos
         Documentos con contenido: 163/163
[4/8] Barrido LDA: K en [25..35], passes=10, iterations=100...
         Entrenando LDA con K=25...
         K=25: c_v=0.4172, perplexity=-6.35
         Entrenando LDA con K=26...
         K=26: c_v=0.4426, perplexity=-6.35
         Entrenando LDA con K=27...
         K=27: c_v=0.3769, perplexity=-6.42
         Entrenando LDA con K=28...
         K=28: c_v=0.3985, perplexity=-6.38
         Entrenando LDA con K=29...
         K=29: c_v=0.4007, perplexity=-6.39
         Entrenando LDA con K=30...
         K=30: c_v=0.4025, perplexity=-6.40
         Entrenando LDA con K=31...
         K=31: c_v=0.3926, perplexity=-6.46
         Entrenando LDA con K=32...
         K=32: c_v=0.4259, perplexity=-6.45
         Entrenando LDA con K=33...
         K=33: c_v=0.3979, perplexity=-6.48
         Entrenando LDA con K=34...
         K=34: c_v=0.4201, perplexity=-6.49
         Entrenando LDA con K=35...
         K=35: c_v=0.4135, perplexity=-6.44
         K seleccionado: 26 (c_v=0.4426; maxima coherencia c_v)
[5/8] Asignando terminos a temas (hard assignment por P(term|tema) max)...
         Terminos descartados por peso < 0.001: 0
         Distribucion de terminos por tema:
           Tema 0: 17 terminos
           Tema 1: 15 terminos
           Tema 2: 16 terminos
           Tema 3: 21 terminos
           Tema 4: 19 terminos
           Tema 5: 25 terminos
           Tema 6: 26 terminos
           Tema 7: 27 terminos
           Tema 8: 13 terminos
           Tema 9: 23 terminos
           Tema 10: 19 terminos
           Tema 11: 30 terminos
           Tema 12: 17 terminos
           Tema 13: 21 terminos
           Tema 14: 23 terminos
           Tema 15: 18 terminos
           Tema 16: 13 terminos
           Tema 17: 27 terminos
           Tema 18: 9 terminos
           Tema 20: 12 terminos
           Tema 21: 22 terminos
           Tema 22: 15 terminos
           Tema 23: 19 terminos
           Tema 24: 20 terminos
           Tema 25: 22 terminos
[6/8] Cohesion intracluster (ventana=3)...
         Tema 24: 97 aristas internas
         Tema 1: 64 aristas internas
         Tema 13: 116 aristas internas
         Tema 6: 184 aristas internas
         Tema 20: 48 aristas internas
         Tema 11: 209 aristas internas
         Tema 14: 145 aristas internas
         Tema 3: 126 aristas internas
         Tema 12: 89 aristas internas
         Tema 5: 121 aristas internas
         Tema 23: 94 aristas internas
         Tema 9: 125 aristas internas
         Tema 21: 110 aristas internas
         Tema 7: 275 aristas internas
         Tema 2: 74 aristas internas
         Tema 10: 119 aristas internas
         Tema 16: 49 aristas internas
         Tema 8: 43 aristas internas
         Tema 15: 89 aristas internas
         Tema 4: 100 aristas internas
         Tema 22: 74 aristas internas
         Tema 17: 210 aristas internas
         Tema 18: 24 aristas internas
         Tema 0: 86 aristas internas
         Tema 25: 81 aristas internas
[7/8] Vinculos extracluster (ventana=12, top_por_tema=200)...
         Tema 24: 200 vinculos externos (deduplicados)
         Tema 1: 200 vinculos externos (deduplicados)
         Tema 13: 200 vinculos externos (deduplicados)
         Tema 6: 200 vinculos externos (deduplicados)
         Tema 20: 200 vinculos externos (deduplicados)
         Tema 11: 200 vinculos externos (deduplicados)
         Tema 14: 200 vinculos externos (deduplicados)
         Tema 3: 200 vinculos externos (deduplicados)
         Tema 12: 200 vinculos externos (deduplicados)
         Tema 5: 200 vinculos externos (deduplicados)
         Tema 23: 200 vinculos externos (deduplicados)
         Tema 9: 200 vinculos externos (deduplicados)
         Tema 21: 200 vinculos externos (deduplicados)
         Tema 7: 200 vinculos externos (deduplicados)
         Tema 2: 200 vinculos externos (deduplicados)
         Tema 10: 200 vinculos externos (deduplicados)
         Tema 16: 200 vinculos externos (deduplicados)
         Tema 8: 200 vinculos externos (deduplicados)
         Tema 15: 200 vinculos externos (deduplicados)
         Tema 4: 200 vinculos externos (deduplicados)
         Tema 22: 200 vinculos externos (deduplicados)
         Tema 17: 200 vinculos externos (deduplicados)
         Tema 18: 200 vinculos externos (deduplicados)
         Tema 0: 200 vinculos externos (deduplicados)
         Tema 25: 200 vinculos externos (deduplicados)
         Matriz entre temas (26x26) calculada
======================================================================
[SNA Fase 2 - LDA] OK resultados en /home/emilio/Documentos/Tampico_Semanal_Reportes/SNA/Resultados/ultima_semana/clusters
           reporte: /home/emilio/Documentos/Tampico_Semanal_Reportes/SNA/Resultados/ultima_semana/clusters/reporte_fase2_lda.md
======================================================================
Modelar temas LDA finalizado con éxito.

--- Ejecutando SNA: Evaluar calidad temática ---
Comando: /home/emilio/Documentos/Tampico_Semanal_Reportes/.venv/bin/python3 /home/emilio/Documentos/Tampico_Semanal_Reportes/Scripts/sna_topic_quality.py --clusters-dir /home/emilio/Documentos/Tampico_Semanal_Reportes/SNA/Resultados/ultima_semana/clusters
Traceback (most recent call last):
  File "/home/emilio/Documentos/Tampico_Semanal_Reportes/Scripts/sna_topic_quality.py", line 237, in <module>
    raise SystemExit(main())
                     ^^^^^^
  File "/home/emilio/Documentos/Tampico_Semanal_Reportes/Scripts/sna_topic_quality.py", line 229, in main
    result = enrich_topics(args.clusters_dir)
             ^^^^^^^^^^^^^^^^^^^^^^^^^^^^^^^^
  File "/home/emilio/Documentos/Tampico_Semanal_Reportes/Scripts/sna_topic_quality.py", line 180, in enrich_topics
    coherences = compute_per_topic_coherence(corpus_path, topic_words)
                 ^^^^^^^^^^^^^^^^^^^^^^^^^^^^^^^^^^^^^^^^^^^^^^^^^^^^^
  File "/home/emilio/Documentos/Tampico_Semanal_Reportes/Scripts/sna_topic_quality.py", line 160, in compute_per_topic_coherence
    model = CoherenceModel(
            ^^^^^^^^^^^^^^^
  File "/home/emilio/Documentos/Tampico_Semanal_Reportes/.venv/lib/python3.12/site-packages/gensim/models/coherencemodel.py", line 214, in __init__
    self.topics = topics
    ^^^^^^^^^^^
  File "/home/emilio/Documentos/Tampico_Semanal_Reportes/.venv/lib/python3.12/site-packages/gensim/models/coherencemodel.py", line 429, in topics
    topic_token_ids = self._ensure_elements_are_ids(topic)
                      ^^^^^^^^^^^^^^^^^^^^^^^^^^^^^^^^^^^^
  File "/home/emilio/Documentos/Tampico_Semanal_Reportes/.venv/lib/python3.12/site-packages/gensim/models/coherencemodel.py", line 453, in _ensure_elements_are_ids
    raise ValueError('unable to interpret topic as either a list of tokens or a list of ids')
ValueError: unable to interpret topic as either a list of tokens or a list of ids
Error en Evaluar calidad temática (código 1).
Abortando ejecución SNA.

SNA incompleto: no se generaron los tres HTML finales.
Bitácora: /home/emilio/Documentos/Tampico_Semanal_Reportes/SNA/Resultados/ultima_semana/ultima_ejecucion_ultima_semana.log

=== REANUDACION AUTOMATICA TRAS CORRECCION ===
Inicio: 2026-07-22T16:46:57

--- Reanudando SNA [3/12]: Evaluar calidad temática ---
Calidad temática: {'media': 16, 'alta': 8, 'baja': 2}
Temas ocultos por defecto: 2
Evaluar calidad temática finalizado con exito.

--- Reanudando SNA [4/12]: Calcular subclusters Louvain ---
[subclusters] 25 temas en lda_asignacion.csv
[subclusters] resolution=1.4 min_sub_size=3
  Tema 0: 17 nodos, 86 aristas -> 4 sub-clusters
  Tema 1: 15 nodos, 64 aristas -> 4 sub-clusters
  Tema 2: 16 nodos, 74 aristas -> 3 sub-clusters
  Tema 3: 21 nodos, 126 aristas -> 5 sub-clusters
  Tema 4: 19 nodos, 100 aristas -> 5 sub-clusters
  Tema 5: 25 nodos, 121 aristas -> 4 sub-clusters
  Tema 6: 26 nodos, 184 aristas -> 4 sub-clusters
  Tema 7: 27 nodos, 275 aristas -> 8 sub-clusters
  Tema 8: 13 nodos, 43 aristas -> 3 sub-clusters
  Tema 9: 23 nodos, 125 aristas -> 5 sub-clusters
  Tema 10: 19 nodos, 119 aristas -> 5 sub-clusters
  Tema 11: 30 nodos, 209 aristas -> 6 sub-clusters
  Tema 12: 17 nodos, 89 aristas -> 4 sub-clusters
  Tema 13: 21 nodos, 116 aristas -> 4 sub-clusters
  Tema 14: 23 nodos, 145 aristas -> 6 sub-clusters
  Tema 15: 18 nodos, 89 aristas -> 3 sub-clusters
  Tema 16: 13 nodos, 49 aristas -> 3 sub-clusters
  Tema 17: 27 nodos, 210 aristas -> 5 sub-clusters
  Tema 18: 9 nodos, 24 aristas -> 3 sub-clusters
  Tema 20: 12 nodos, 48 aristas -> 3 sub-clusters
  Tema 21: 22 nodos, 110 aristas -> 4 sub-clusters
  Tema 22: 15 nodos, 74 aristas -> 4 sub-clusters
  Tema 23: 19 nodos, 94 aristas -> 4 sub-clusters
  Tema 24: 20 nodos, 97 aristas -> 4 sub-clusters
  Tema 25: 22 nodos, 81 aristas -> 4 sub-clusters

[subclusters] guardado en: /home/emilio/Documentos/Tampico_Semanal_Reportes/SNA/Resultados/ultima_semana/clusters/subclusters
Calcular subclusters Louvain finalizado con exito.

--- Reanudando SNA [5/12]: Diagnosticar umbrales ---
{
  "corpus": "historico consolidado de Tampico",
  "clusters_dir": "/home/emilio/Documentos/Tampico_Semanal_Reportes/SNA/Resultados/ultima_semana/clusters",
  "capas": {
    "intra_cluster": {
      "n_aristas": 1672,
      "min": 1.0,
      "media": 2.3839712918660285,
      "max": 34.0,
      "p50": 2.0,
      "p75": 3.0,
      "p90": 4.0,
      "p95": 6.0,
      "p99": 14.289999999999964
    },
    "intra_sub": {
      "n_aristas": 773,
      "min": 1.0,
      "media": 3.7464424320827945,
      "max": 37.0,
      "p50": 3.0,
      "p75": 5.0,
      "p90": 7.0,
      "p95": 10.0,
      "p99": 19.0
    },
    "sin_subcluster": {
      "n_aristas": 307,
      "min": 1.0,
      "media": 3.179153094462541,
      "max": 36.0,
      "p50": 2.0,
      "p75": 4.0,
      "p90": 6.0,
      "p95": 8.699999999999989,
      "p99": 19.69999999999999
    },
    "extra": {
      "n_aristas": 5000,
      "min": 2.0,
      "media": 3.996,
      "max": 34.0,
      "p50": 3.0,
      "p75": 4.0,
      "p90": 6.0,
      "p95": 8.0,
      "p99": 12.0
    }
  },
  "umbrales_sugeridos": {
    "umbral_intra_sub": 5.0,
    "umbral_intra_cluster": 3.0,
    "umbral_extra": 4.0,
    "criterio": "percentil 75 de cada capa"
  }
}
Diagnostico guardado en: /home/emilio/Documentos/Tampico_Semanal_Reportes/SNA/Resultados/ultima_semana/clusters/diagnostico_umbrales.json
Diagnosticar umbrales finalizado con exito.

--- Reanudando SNA [6/12]: Generar red completa ---
/home/emilio/Documentos/Tampico_Semanal_Reportes/.venv/lib/python3.12/site-packages/networkx/algorithms/assortativity/correlation.py:302: RuntimeWarning: invalid value encountered in scalar divide
  return float((xy * (M - ab)).sum() / np.sqrt(vara * varb))
/home/emilio/Documentos/Tampico_Semanal_Reportes/.venv/lib/python3.12/site-packages/networkx/algorithms/assortativity/mixing.py:217: RuntimeWarning: invalid value encountered in divide
  a = a / a.sum()
[red_completa] corpus de la última semana disponible de Tampico
[red_completa] umbrales: intra_sub=5.0, intra_cluster=3.0, extra=4.0
[red_completa] cargando datos...
  Palabras LDA: 489, con sub_id: 460
[red_completa] construyendo grafo...
  aristas intra_sub:      211
  aristas intra_cluster:  818
  aristas extra:          1897
  Nodos: 461, Aristas: 1998
[red_completa] calculando metricas...
  Calculando metricas para 461 nodos y 1998 aristas...
  Comunidades (subclusters presentes): 119
  Calculando betweenness centrality (puede tardar)...
  Calculando participation coefficient y z-within-degree...
  Calculando metricas globales...
  Generando HTML pyvis...
  HTML escrito en /home/emilio/Documentos/Tampico_Semanal_Reportes/SNA/Resultados/ultima_semana/clusters/red_completa/red_tampico_ultima_semana.html (CSS + panel + tablas inyectadas)

[red_completa] OK
  Nodos: 461
  Aristas: 1998
  Moduralidad: 0.216
  Clustering global: 0.4278
  Componentes conexas: 4
  Salidas en: /home/emilio/Documentos/Tampico_Semanal_Reportes/SNA/Resultados/ultima_semana/clusters/red_completa
Generar red completa finalizado con exito.

--- Reanudando SNA [7/12]: Mapear cuentas a clusters ---
[1/5] Cargando LDA desde /home/emilio/Documentos/Tampico_Semanal_Reportes/SNA/Resultados/ultima_semana/clusters/lda_asignacion.csv
      vocabulario LDA: 489 terminos, temas: [0, 1, 2, 3, 4, 5, 6, 7, 8, 9, 10, 11, 12, 13, 14, 15, 16, 17, 18, 20, 21, 22, 23, 24, 25]
[2/5] Cargando subclusters desde /home/emilio/Documentos/Tampico_Semanal_Reportes/SNA/Resultados/ultima_semana/clusters/subclusters/subclusters_palabras.csv
      subclusters_palabras: 460 terminos
      subclusters: 107 (T00_S0..T25_S7)
[3/5] Cargando mensajes desde /home/emilio/Documentos/Tampico_Semanal_Reportes/SNA/Resultados/ultima_semana/clusters/documentos_lematizados.csv
      mensajes con usuario: 1154
[4/5] Acumulando palabras por usuario...
      usuarios unicos: 872
      sin palabras clasificadas: 110
[5/5] Escribiendo salidas en /home/emilio/Documentos/Tampico_Semanal_Reportes/SNA/Resultados/ultima_semana/cuentas_clusters/
      - cuentas_x_tema.csv  (173748 bytes)
      - cuentas_x_subcluster.csv  (606551 bytes)
      - cuentas_resumen.csv  (56112 bytes)
      - palabras_x_cuenta.csv  (185983 bytes)  (3796 filas)
      - cuentas_sin_tema.csv  (3457 bytes)
      - reporte_fase4_cuentas.md  (79217 bytes)
OK.
Mapear cuentas a clusters finalizado con exito.

--- Reanudando SNA [8/12]: Generar red de cuentas ---
[1/5] Cargando nodos (palabras) desde /home/emilio/Documentos/Tampico_Semanal_Reportes/SNA/Resultados/ultima_semana/clusters/red_completa/nodos_metricas.csv
      461 palabras
[2/5] Cargando aristas (palabra-palabra) desde /home/emilio/Documentos/Tampico_Semanal_Reportes/SNA/Resultados/ultima_semana/clusters/red_completa/aristas_clasificadas.csv (peso>=4.0)
      1633 aristas tras filtro
[3/5] Cargando cuentas (>= 5 msgs) desde /home/emilio/Documentos/Tampico_Semanal_Reportes/SNA/Resultados/ultima_semana/cuentas_clusters/cuentas_resumen.csv
      7 cuentas pasan el filtro de msgs
[4/5] Cargando palabras_x_cuenta desde /home/emilio/Documentos/Tampico_Semanal_Reportes/SNA/Resultados/ultima_semana/cuentas_clusters/palabras_x_cuenta.csv
[4b] Seleccionando top 500 cuentas por msgs, top 5 palabras
      461 palabras validas en el grafo
      7 cuentas, 33 aristas cuenta->palabra
      plataformas presentes: ['Facebook', 'Instagram', 'Medios', 'YouTube']
[5/5] Generando HTML en /home/emilio/Documentos/Tampico_Semanal_Reportes/SNA/Resultados/ultima_semana/clusters/red_completa/red_tampico_cuentas_ultima_semana.html
      tamano: 1072823 bytes
      metricas en /home/emilio/Documentos/Tampico_Semanal_Reportes/SNA/Resultados/ultima_semana/clusters/red_completa/metricas_cuentas.json
OK.
Generar red de cuentas finalizado con exito.

--- Reanudando SNA [9/12]: Generar red de posiciones discursivas ---
[1/5] Cargando insumos de /home/emilio/Documentos/Tampico_Semanal_Reportes/SNA/Resultados/ultima_semana
[2/5] Calculando posiciones discursivas por tema
      posiciones: 25
      cuentas-posicion: 246
[3/5] Escribiendo CSVs
[4/5] Construyendo red HTML autocontenida
[5/5] OK
      - /home/emilio/Documentos/Tampico_Semanal_Reportes/SNA/Resultados/ultima_semana/clusters/red_posiciones/red_tampico_posiciones_ultima_semana.html (1019141 bytes)
      - /home/emilio/Documentos/Tampico_Semanal_Reportes/SNA/Resultados/ultima_semana/clusters/red_posiciones/posiciones_discursivas.csv (15115 bytes)
      - /home/emilio/Documentos/Tampico_Semanal_Reportes/SNA/Resultados/ultima_semana/clusters/red_posiciones/cuentas_posiciones.csv (17374 bytes)
      - /home/emilio/Documentos/Tampico_Semanal_Reportes/SNA/Resultados/ultima_semana/clusters/red_posiciones/palabras_posiciones.csv (4931 bytes)
      - /home/emilio/Documentos/Tampico_Semanal_Reportes/SNA/Resultados/ultima_semana/clusters/red_posiciones/ejemplos_posiciones.csv (36494 bytes)
      - /home/emilio/Documentos/Tampico_Semanal_Reportes/SNA/Resultados/ultima_semana/clusters/red_posiciones/metricas_posiciones.json (891 bytes)
Generar red de posiciones discursivas finalizado con exito.

--- Reanudando SNA [10/12]: Generar red completa guiada ---
/home/emilio/Documentos/Tampico_Semanal_Reportes/.venv/lib/python3.12/site-packages/networkx/algorithms/assortativity/correlation.py:302: RuntimeWarning: invalid value encountered in scalar divide
  return float((xy * (M - ab)).sum() / np.sqrt(vara * varb))
/home/emilio/Documentos/Tampico_Semanal_Reportes/.venv/lib/python3.12/site-packages/networkx/algorithms/assortativity/mixing.py:217: RuntimeWarning: invalid value encountered in divide
  a = a / a.sum()
[red_completa] corpus de la última semana disponible de Tampico
[red_completa] umbrales: intra_sub=5.0, intra_cluster=3.0, extra=4.0
[red_completa] cargando datos...
  Palabras LDA: 489, con sub_id: 460
[red_completa] construyendo grafo...
  aristas intra_sub:      211
  aristas intra_cluster:  818
  aristas extra:          1897
  Nodos: 461, Aristas: 1998
[red_completa] calculando metricas...
  Calculando metricas para 461 nodos y 1998 aristas...
  Comunidades (subclusters presentes): 119
  Calculando betweenness centrality (puede tardar)...
  Calculando participation coefficient y z-within-degree...
  Calculando metricas globales...
  Generando HTML pyvis...
  HTML escrito en /home/emilio/Documentos/Tampico_Semanal_Reportes/SNA/Resultados/ultima_semana/clusters/red_guiada/red_tampico_ultima_semana_guiada.html (CSS + panel + tablas inyectadas)
  Aplicando temas rastreados y polaridad...

[red_completa] OK
  Nodos: 461
  Aristas: 1998
  Moduralidad: 0.216
  Clustering global: 0.4278
  Componentes conexas: 4
  Salidas en: /home/emilio/Documentos/Tampico_Semanal_Reportes/SNA/Resultados/ultima_semana/clusters/red_guiada
Generar red completa guiada finalizado con exito.

--- Reanudando SNA [11/12]: Generar red de cuentas guiada ---
[1/5] Cargando nodos (palabras) desde /home/emilio/Documentos/Tampico_Semanal_Reportes/SNA/Resultados/ultima_semana/clusters/red_completa/nodos_metricas.csv
      461 palabras
[2/5] Cargando aristas (palabra-palabra) desde /home/emilio/Documentos/Tampico_Semanal_Reportes/SNA/Resultados/ultima_semana/clusters/red_completa/aristas_clasificadas.csv (peso>=4.0)
      1633 aristas tras filtro
[3/5] Cargando cuentas (>= 5 msgs) desde /home/emilio/Documentos/Tampico_Semanal_Reportes/SNA/Resultados/ultima_semana/cuentas_clusters/cuentas_resumen.csv
      7 cuentas pasan el filtro de msgs
[4/5] Cargando palabras_x_cuenta desde /home/emilio/Documentos/Tampico_Semanal_Reportes/SNA/Resultados/ultima_semana/cuentas_clusters/palabras_x_cuenta.csv
[4b] Seleccionando top 500 cuentas por msgs, top 5 palabras
      461 palabras validas en el grafo
      7 cuentas, 33 aristas cuenta->palabra
      plataformas presentes: ['Facebook', 'Instagram', 'Medios', 'YouTube']
[5/5] Generando HTML en /home/emilio/Documentos/Tampico_Semanal_Reportes/SNA/Resultados/ultima_semana/clusters/red_guiada/red_tampico_cuentas_ultima_semana_guiada.html
      aplicando temas rastreados, polaridad y postura
      tamano: 1136694 bytes
      metricas en /home/emilio/Documentos/Tampico_Semanal_Reportes/SNA/Resultados/ultima_semana/clusters/red_guiada/metricas_cuentas_guiada.json
OK.
Generar red de cuentas guiada finalizado con exito.

--- Reanudando SNA [12/12]: Generar red de posiciones guiada ---
[1/5] Cargando insumos de /home/emilio/Documentos/Tampico_Semanal_Reportes/SNA/Resultados/ultima_semana
[2/5] Calculando posiciones discursivas por tema
      posiciones: 25
      cuentas-posicion: 246
[3/5] Escribiendo CSVs
[4/5] Construyendo red HTML autocontenida
      aplicando temas rastreados, polaridad y postura
[5/5] OK
      - /home/emilio/Documentos/Tampico_Semanal_Reportes/SNA/Resultados/ultima_semana/clusters/red_guiada/red_tampico_posiciones_ultima_semana_guiada.html (1234155 bytes)
      - /home/emilio/Documentos/Tampico_Semanal_Reportes/SNA/Resultados/ultima_semana/clusters/red_guiada/posiciones_discursivas_guiada.csv (16193 bytes)
      - /home/emilio/Documentos/Tampico_Semanal_Reportes/SNA/Resultados/ultima_semana/clusters/red_guiada/cuentas_posiciones_guiada.csv (17374 bytes)
      - /home/emilio/Documentos/Tampico_Semanal_Reportes/SNA/Resultados/ultima_semana/clusters/red_guiada/palabras_posiciones_guiada.csv (5939 bytes)
      - /home/emilio/Documentos/Tampico_Semanal_Reportes/SNA/Resultados/ultima_semana/clusters/red_guiada/ejemplos_posiciones_guiada.csv (36494 bytes)
      - /home/emilio/Documentos/Tampico_Semanal_Reportes/SNA/Resultados/ultima_semana/clusters/red_guiada/metricas_posiciones_guiada.json (1297 bytes)
Generar red de posiciones guiada finalizado con exito.

SNA finalizado correctamente tras reanudacion.
Resultados SNA generados:
  - /home/emilio/Documentos/Tampico_Semanal_Reportes/SNA/Resultados/ultima_semana/clusters/red_guiada/red_tampico_ultima_semana_guiada.html
  - /home/emilio/Documentos/Tampico_Semanal_Reportes/SNA/Resultados/ultima_semana/clusters/red_guiada/red_tampico_cuentas_ultima_semana_guiada.html
  - /home/emilio/Documentos/Tampico_Semanal_Reportes/SNA/Resultados/ultima_semana/clusters/red_guiada/red_tampico_posiciones_ultima_semana_guiada.html
